HelloWorld@Something:~$ git status
warning: could not open directory '.dbus/': Permission denied
On branch master
Untracked files:
  (use "git add <file>..." to include in what will be committed)

	testing123/

nothing added to commit but untracked files present (use "git add" to track)

HelloWorld@Something:~$ git add testing123/
error: insufficient permission for adding an object to repository database .git/objects
error: testing123/test.html: failed to insert into database
error: unable to index file testing123/test.html
fatal: adding files failed

HelloWorld@Something:~$ clear

HelloWorld@Something:~$ git status
warning: could not open directory '.dbus/': Permission denied
On branch master
Untracked files:
  (use "git add <file>..." to include in what will be committed)

	testing123/

nothing added to commit but untracked files present (use "git add" to track)

HelloWorld@Something:~$ git status
warning: could not open directory '.dbus/': Permission denied
On branch master
Untracked files:
  (use "git add <file>..." to include in what will be committed)

	testing123/

nothing added to commit but untracked files present (use "git add" to track)

HelloWorld@Something:~$ cd

HelloWorld@Something:~$ ls
 Downloads    testing123
 Desktop      Pictures
 Documents    Music

YOU HAVE TO BE IN THE DIRECTORY THAT YOU WANT TO MAKE CHANGES TO

HelloWorld@Something:~$ cd testing123/

HelloWorld@Something:~/testing123$ ls
README.md  test.html

HelloWorld@Something:~/testing123$ git status
On branch master
Your branch is up to date with 'origin/master'.

Changes not staged for commit:
  (use "git add <file>..." to update what will be committed)
  (use "git checkout -- <file>..." to discard changes in working directory)

	modified:   README.md

Untracked files:
  (use "git add <file>..." to include in what will be committed)

	test.html

no changes added to commit (use "git add" and/or "git commit -a")
HelloWorld@Something:~/testing123$ git add README.md test.html

HelloWorld@Something:~/testing123$ git status
On branch master
Your branch is up to date with 'origin/master'.

Changes to be committed:
  (use "git reset HEAD <file>..." to unstage)

	modified:   README.md
	new file:   test.html

HelloWorld@Something:~/testing123$ git status
On branch master
Your branch is up to date with 'origin/master'.

Changes to be committed:
  (use "git reset HEAD <file>..." to unstage)

	modified:   README.md
	new file:   test.html

HelloWorld@Something:~/testing123$ git commit -m "Added a test.html file and updated README with how to use it."
[master 84a4c49] Added a test.html file and updated README with how to use it.
 2 files changed, 13 insertions(+)
 create mode 100644 test.html


HelloWorld@Something:~/testing123$ git push origin master
Username for 'https://github.com': YOUR MOMS CHEST HAIR
Password for 'https://Kristianna@github.com':
Counting objects: 4, done.
Delta compression using up to 8 threads.
Compressing objects: 100% (4/4), done.
Writing objects: 100% (4/4), 570 bytes | 570.00 KiB/s, done.
Total 4 (delta 0), reused 0 (delta 0)
To https://github.com/Kristianna/testing123.git
   d65217c..84a4c49  master -> master
